HTML length: 2002363
✅ Script tag matched!
Content length: 1226902
✅ JSON parsed successfully!

Top-level Keys: ["pageState","pageStoreState","pageSettings"]

pageState Keys: ["categories","baseURL","country","deviceType","queryParams","lowEnd","siteId","domain","openInApp","allowMotorsNavigationCP","allowRealEstateNavigationCP","hasLocationOnboarding","componentMapId","hotjar","currentUser","deviceOs","billboardState","initialState","fullFreeShippingDisabled","site","webp","jsDisabled","isHoverDisabled","mapApiKey","imagePrefix","nonce","currentLayout"]

pageState.initialState Keys: ["adult_info","view_options","bookmark","ads_metadata","available_currencies","analytics_track","currency","canonical_info","header_components","landing","layout_options","listing_disclaimer","melidata_track","pagination","query","results","search_filter","search_filters","seo","sidebar","vertical","bottom_ads","top_keywords","coachmarks","find_user_location","frontend_layout_type","footer_components","sticky_components","polycard_context","show_free_shipping_bar_shimmer","show_free_shipping_bar_shimmer_action","valuePropositionsDetailsHidden","userConsentCookie"]

✅ Found results array!
Type: Array
Length/Keys: 51

First item keys: ["id","type","state","title","show_as","filter","see_more_limit","is_filters_bs","is_category_intervention_carousel"]

Sample item:
{
  "id": "FILTER_INTERVENTION",
  "type": "FILTER_SPECIALIZED",
  "state": "VISIBLE",
  "title": {
    "text": "Você busca alguma marca específica?",
    "color": "BLACK",
    "font_size": "SMALL",
    "font_family": "SEMIBOLD"
  },
  "show_as": "LIST",
  "filter": {
    "id": "BRAND",
    "values": [
      {
        "id": "action",
        "type": "pill",
        "target": "https://lista.mercadolivre.com.br/arte-papelaria-armarinho/materiais-escolares/escolar/insumos-escrever/canetas/crown/novo/caneta-esferogr%C3%A1fica-azul_NoIndex_True#applied_filter_id%3DBRAND%26applied_filter_name%3DMarca%26enhanced_position%3D0%26applied_value_id%3D3435%26applied_value_name%3DCrown%26applied_value_order%3D0%26intervention_type%3DFILTER_INTERVENTION%26intervention_tracking_id%3D15308dc0-5d8c-4379-84f0-7e5814626aad%26tracking_id%3Dfbd065fc-6c88-49f3-b5e7-94c7e70d0618",
        "label": {
          "text": "Crown",
          "color": "BLACK",
          "font_size": "XXSMALL",
          "font_family
